PANEL 01/24 completed; passes at delta [0,.01,.05,.10]: [0, 0, 1, 1]
PANEL 02/24 completed; passes at delta [0,.01,.05,.10]: [0, 0, 1, 1]
PANEL 03/24 completed; passes at delta [0,.01,.05,.10]: [0, 0, 1, 1]
PANEL 04/24 completed; passes at delta [0,.01,.05,.10]: [0, 0, 1, 1]
PANEL 05/24 completed; passes at delta [0,.01,.05,.10]: [0, 0, 1, 1]
PANEL 06/24 completed; passes at delta [0,.01,.05,.10]: [0, 0, 1, 1]
PANEL 07/24 completed; passes at delta [0,.01,.05,.10]: [0, 0, 1, 1]
PANEL 08/24 completed; passes at delta [0,.01,.05,.10]: [0, 0, 1, 1]
PANEL 09/24 completed; passes at delta [0,.01,.05,.10]: [0, 0, 1, 1]
PANEL 10/24 completed; passes at delta [0,.01,.05,.10]: [0, 0, 1, 1]
PANEL 11/24 completed; passes at delta [0,.01,.05,.10]: [0, 0, 1, 1]
PANEL 12/24 completed; passes at delta [0,.01,.05,.10]: [0, 0, 1, 1]
PANEL 13/24 completed; passes at delta [0,.01,.05,.10]: [0, 0, 1, 1]
PANEL 14/24 completed; passes at delta [0,.01,.05,.10]: [0, 0, 1, 1]
PANEL 15/24 completed; passes at delta [0,.01,.05,.10]: [0, 0, 1, 1]
PANEL 16/24 completed; passes at delta [0,.01,.05,.10]: [0, 0, 1, 1]
PANEL 17/24 completed; passes at delta [0,.01,.05,.10]: [0, 0, 1, 1]
PANEL 18/24 completed; passes at delta [0,.01,.05,.10]: [0, 0, 1, 1]
PANEL 19/24 completed; passes at delta [0,.01,.05,.10]: [0, 0, 1, 1]
PANEL 20/24 completed; passes at delta [0,.01,.05,.10]: [0, 0, 1, 1]
PANEL 21/24 completed; passes at delta [0,.01,.05,.10]: [0, 0, 1, 1]
PANEL 22/24 completed; passes at delta [0,.01,.05,.10]: [0, 0, 1, 1]
PANEL 23/24 completed; passes at delta [0,.01,.05,.10]: [0, 0, 1, 1]
PANEL 24/24 completed; passes at delta [0,.01,.05,.10]: [0, 0, 1, 1]
CALIBRATION COMPLETE [{"planted_population_delta_r2": 0.0, "panels": 24, "detected_panels": 0, "detection_fraction": 0.0, "monte_carlo_wilson_ci95": [1.3877787807814457e-17, 0.13797620467498017], "mean_observed_delta_vs_rff": -0.00202641905876203, "mean_observed_delta_vs_linear": -0.008239082532656513, "mean_realized_oracle_delta": 0.0, "panels_passing_effect_threshold_vs_linear": 0, "panels_passing_ci_above_zero_vs_linear": 0, "panels_passing_all_six_positive_vs_linear": 0, "panels_passing_mae_not_worse_vs_linear": 0, "panels_passing_effect_threshold_vs_rff": 0, "panels_passing_ci_above_zero_vs_rff": 0, "panels_passing_all_six_positive_vs_rff": 0, "panels_passing_mae_not_worse_vs_rff": 5}, {"planted_population_delta_r2": 0.01, "panels": 24, "detected_panels": 0, "detection_fraction": 0.0, "monte_carlo_wilson_ci95": [1.3877787807814457e-17, 0.13797620467498017], "mean_observed_delta_vs_rff": 0.009721243537793795, "mean_observed_delta_vs_linear": 0.003527847972675431, "mean_realized_oracle_delta": 0.009899772591096855, "panels_passing_effect_threshold_vs_linear": 0, "panels_passing_ci_above_zero_vs_linear": 12, "panels_passing_all_six_positive_vs_linear": 5, "panels_passing_mae_not_worse_vs_linear": 21, "panels_passing_effect_threshold_vs_rff": 13, "panels_passing_ci_above_zero_vs_rff": 23, "panels_passing_all_six_positive_vs_rff": 16, "panels_passing_mae_not_worse_vs_rff": 24}, {"planted_population_delta_r2": 0.05, "panels": 24, "detected_panels": 24, "detection_fraction": 1.0, "monte_carlo_wilson_ci95": [0.8620237953250198, 1.0], "mean_observed_delta_vs_rff": 0.05661566260661254, "mean_observed_delta_vs_linear": 0.050469734073757246, "mean_realized_oracle_delta": 0.0498033427396212, "panels_passing_effect_threshold_vs_linear": 24, "panels_passing_ci_above_zero_vs_linear": 24, "panels_passing_all_six_positive_vs_linear": 24, "panels_passing_mae_not_worse_vs_linear": 24, "panels_passing_effect_threshold_vs_rff": 24, "panels_passing_ci_above_zero_vs_rff": 24, "panels_passing_all_six_positive_vs_rff": 24, "panels_passing_mae_not_worse_vs_rff": 24}, {"planted_population_delta_r2": 0.1, "panels": 24, "detected_panels": 24, "detection_fraction": 1.0, "monte_carlo_wilson_ci95": [0.8620237953250198, 1.0], "mean_observed_delta_vs_rff": 0.1152530010322798, "mean_observed_delta_vs_linear": 0.10915865343413823, "mean_realized_oracle_delta": 0.09979580841078234, "panels_passing_effect_threshold_vs_linear": 24, "panels_passing_ci_above_zero_vs_linear": 24, "panels_passing_all_six_positive_vs_linear": 24, "panels_passing_mae_not_worse_vs_linear": 24, "panels_passing_effect_threshold_vs_rff": 24, "panels_passing_ci_above_zero_vs_rff": 24, "panels_passing_all_six_positive_vs_rff": 24, "panels_passing_mae_not_worse_vs_rff": 24}]
